[INFO] Scanning for projects...
[INFO] 
[INFO] --------------------------< com.example:demo >--------------------------
[INFO] Building carmarqControl 0.0.1-SNAPSHOT
[INFO]   from pom.xml
[INFO] --------------------------------[ jar ]---------------------------------
[INFO] 
[INFO] --- resources:3.3.1:resources (default-resources) @ demo ---
[INFO] Copying 1 resource from src\main\resources to target\classes
[INFO] Copying 0 resource from src\main\resources to target\classes
[INFO] 
[INFO] --- compiler:3.14.1:compile (default-compile) @ demo ---
[INFO] Recompiling the module because of changed source code.
[INFO] Compiling 72 source files with javac [debug parameters release 17] to target\classes
[INFO] -------------------------------------------------------------
[ERROR] COMPILATION ERROR : 
[INFO] -------------------------------------------------------------
[ERROR] /C:/Users/gabri/Downloads/CarmaqControl/src/main/java/com/example/Service/ReportService.java:[93,53] ';' expected
[ERROR] /C:/Users/gabri/Downloads/CarmaqControl/src/main/java/com/example/Service/ReportService.java:[110,53] ';' expected
[ERROR] /C:/Users/gabri/Downloads/CarmaqControl/src/main/java/com/example/Service/ReportService.java:[175,56] ';' expected
[ERROR] /C:/Users/gabri/Downloads/CarmaqControl/src/main/java/com/example/Service/ReportService.java:[296,52] ';' expected
[ERROR] /C:/Users/gabri/Downloads/CarmaqControl/src/main/java/com/example/Service/ReportService.java:[508,58] ';' expected
[ERROR] /C:/Users/gabri/Downloads/CarmaqControl/src/main/java/com/example/Service/ReportService.java:[521,58] ';' expected
[ERROR] /C:/Users/gabri/Downloads/CarmaqControl/src/main/java/com/example/Service/ReportService.java:[537,51] ';' expected
[ERROR] /C:/Users/gabri/Downloads/CarmaqControl/src/main/java/com/example/Service/ReportService.java:[717,54] ';' expected
[INFO] 8 errors 
[INFO] -------------------------------------------------------------
[INFO] ------------------------------------------------------------------------
[INFO] BUILD FAILURE
[INFO] ------------------------------------------------------------------------
[INFO] Total time:  2.436 s
[INFO] Finished at: 2026-03-24T21:10:27-03:00
[INFO] ------------------------------------------------------------------------
[ERROR] Failed to execute goal org.apache.maven.plugins:maven-compiler-plugin:3.14.1:compile (default-compile) on project demo: Compilation failure: Compilation failure: 
[ERROR] /C:/Users/gabri/Downloads/CarmaqControl/src/main/java/com/example/Service/ReportService.java:[93,53] ';' expected
[ERROR] /C:/Users/gabri/Downloads/CarmaqControl/src/main/java/com/example/Service/ReportService.java:[110,53] ';' expected
[ERROR] /C:/Users/gabri/Downloads/CarmaqControl/src/main/java/com/example/Service/ReportService.java:[175,56] ';' expected
[ERROR] /C:/Users/gabri/Downloads/CarmaqControl/src/main/java/com/example/Service/ReportService.java:[296,52] ';' expected
[ERROR] /C:/Users/gabri/Downloads/CarmaqControl/src/main/java/com/example/Service/ReportService.java:[508,58] ';' expected
[ERROR] /C:/Users/gabri/Downloads/CarmaqControl/src/main/java/com/example/Service/ReportService.java:[521,58] ';' expected
[ERROR] /C:/Users/gabri/Downloads/CarmaqControl/src/main/java/com/example/Service/ReportService.java:[537,51] ';' expected
[ERROR] /C:/Users/gabri/Downloads/CarmaqControl/src/main/java/com/example/Service/ReportService.java:[717,54] ';' expected
[ERROR] -> [Help 1]
[ERROR] 
[ERROR] To see the full stack trace of the errors, re-run Maven with the -e switch.
[ERROR] Re-run Maven using the -X switch to enable full debug logging.
[ERROR] 
[ERROR] For more information about the errors and possible solutions, please read the following articles:
[ERROR] [Help 1] http://cwiki.apache.org/confluence/display/MAVEN/MojoFailureException
